[spike10] calibrating chain workload
FACT timing-recipe: INFO - sync/perf_counter/eval/sync on a depth-32 1024x1024 fp32 matmul chain: median 24.75 ms per sample over 5 samples (MLX_MAX_OPS_PER_BUFFER=unset)
FACT lazy-graph-build: PASS - graph construction without eval took 0.068 ms vs 24.75 ms evaluated; a timed loop must eval its outputs
[spike10] pacing clock ramp
FACT pacing-clock-ramp: INFO - after a 3w pacing idle the first sample reads 1.43x steady state (positions >1% slow: [0]); paced chunks must warm 2 samples before timing, refines law 2
[spike10] A/A null, cool
FACT aa-null-cool: INFO - median paired delta -0.047% of median, IQR 0.400% (30 ABAB pairs in warmed chunks at 25.11 ms/sample); the IQR is the session floor
[spike10] sustained load 120.0s
FACT thermal-hot-latency: INFO - after 120s continuous work latency is +3.3% vs cool (25.93 ms vs 25.11 ms)
FACT thermal-hot-floor: INFO - A/A floor hot/cool = 1.11x (IQR 0.445% vs 0.400%)
[spike10] idle 90.0s for recovery
FACT thermal-recovery: INFO - after 90s idle latency is +0.7% vs cool, floor 3.15x cool (IQR 1.259%)
[spike10] duty blocked design, 93 chunks per block
FACT duty-paced-drift: INFO - paced block (idle 3w after each chunk), 93 chunks over 100s wall: last-quarter/first-quarter chunk median = 0.9918 at 25.29 ms/sample
FACT duty-unpaced-drift: INFO - unpaced back-to-back block, same work over 24s wall: last-quarter/first-quarter chunk median = 1.0317 at 25.65 ms/sample
FACT warm-until-stable: INFO - first-ever kernel: 3 calls until two consecutive timings agree within 1%; first call 102.75 ms is 143.9x steady state 0.714 ms
[spike10] memory-pressure probe
FACT mem-pressure-floor: INFO - with 6 GiB extra resident (6.1 GiB active) A/A floor = 0.70x baseline (IQR 0.326% vs 0.463%), latency +0.2%
[spike10] peaks microbench
FACT peak-bandwidth: INFO - eager add on 256 MiB arrays (reads 2, writes 1): running max 92.8 GB/s over 18 reps
FACT peak-flops-fp16: INFO - 3072x3072 matmul: running max 3305 GFLOP/s over 18 reps
FACT peak-flops-bf16: INFO - 3072x3072 matmul: running max 3313 GFLOP/s over 18 reps
FACT peak-flops-fp32: INFO - 3072x3072 matmul: running max 2850 GFLOP/s over 18 reps
