FACT mlx-version: INFO - mlx 0.32.2 on darwin, python 3.12.13
FACT array-nanobind-heaptype: PASS - metatype=nanobind.nb_type, HEAPTYPE=True, IMMUTABLETYPE=False
FACT array-dunder-inventory: INFO - 51/58 probed names in vars(mx.array); missing: __rmatmul__,__rand__,__ror__,__rxor__,__rlshift__,__rrshift__,__pos__; __hash__ inherited from object (pointer hash)
FACT module-add-not-plus: PASS - a + b with only mx.add patched: ran=True, patched mx.add called=False
FACT array-dunder-setattr: PASS - setattr accepted on 51/51 present names (+__hash__ added)
FACT module-setattr-nn-visible: PASS - nn.Linear(bias=True) hit patched module-level op: True (recorded: mx.addmm)
FACT linear-op-usage: INFO - bias=True records mx.addmm; bias=False records __matmul__ (x @ W.T, not mx.matmul)
FACT slot-propagation-core: PASS - a+b, 2.0*x, 2.0+x, a@b, a[i], a[i]=v, a==b all intercepted via C slots
FACT wrapper-delegation-correct: PASS - (a + b) under full patch = [7.0, 7.0, 7.0, 7.0, 7.0, 7.0], expected [7.0]*6
FACT intercept-arithmetic: PASS - intercepted 13/13: __add__,__sub__,__mul__,__truediv__,__floordiv__,__mod__,__pow__,__matmul__,__and__,__or__,__xor__,__lshift__,__rshift__
FACT intercept-reflected: PASS - intercepted 7/13: __radd__,__rsub__,__rmul__,__rtruediv__,__rfloordiv__,__rmod__,__rpow__; no dunder and op raises unpatched (nothing to trace): __rmatmul__,__rand__,__ror__,__rxor__,__rlshift__,__rrshift__
FACT intercept-inplace: PASS - intercepted 13/13: __iadd__,__isub__,__imul__,__itruediv__,__ifloordiv__,__imod__,__ipow__,__imatmul__,__iand__,__ior__,__ixor__,__ilshift__,__irshift__
FACT iadd-fold: INFO - a += b hits __iadd__ (no fold)
FACT intercept-unary: PASS - intercepted 3/4: __neg__,__abs__,__invert__; no dunder and op raises unpatched (nothing to trace): __pos__
FACT intercept-comparison: PASS - intercepted 6/6: __eq__,__ne__,__lt__,__le__,__gt__,__ge__
FACT intercept-indexing: PASS - intercepted 2/2: __getitem__,__setitem__
FACT intercept-conversion: PASS - intercepted 5/5: __len__,__iter__,__bool__,__int__,__float__
FACT intercept-plain-methods: PASS - intercepted 2/2: reshape,sum
FACT swapped-operand-no-reflected: PASS - unchanged by patching, all raise TypeError pre and post: __rmatmul__: pre=TypeError patched=TypeError; __rand__: pre=TypeError patched=TypeError; __ror__: pre=TypeError patched=TypeError; __rxor__: pre=TypeError patched=TypeError; __rlshift__: pre=TypeError patched=TypeError; __rrshift__: pre=TypeError patched=TypeError
FACT eq-hash-dict-set: PASS - dict lookups=True, set membership=True, patched __hash__ called 9x (identity keys; == is elementwise so only same-object keys are meaningful, patched or not)
FACT uninstall-restores-identity: PASS - identity mismatches: none; wrappers silent after restore=True; outputs still correct=True
FACT uninstall-restores-behavior: PASS - swapped-operand ops behave exactly as before patching
